Archive member included to satisfy reference by file (symbol)

D:/software/STM32CubeCLT_1.18.0/GNU-tools-for-STM32/bin/../lib/gcc/arm-none-eabi/13.3.1/../../../../arm-none-eabi/lib/thumb/v7e-m+fp/hard\libc_nano.a(libc_a-exit.o)
                              D:/software/STM32CubeCLT_1.18.0/GNU-tools-for-STM32/bin/../lib/gcc/arm-none-eabi/13.3.1/../../../../arm-none-eabi/lib/thumb/v7e-m+fp/hard/crt0.o (exit)
D:/software/STM32CubeCLT_1.18.0/GNU-tools-for-STM32/bin/../lib/gcc/arm-none-eabi/13.3.1/../../../../arm-none-eabi/lib/thumb/v7e-m+fp/hard\libc_nano.a(libc_a-findfp.o)
                              D:/software/STM32CubeCLT_1.18.0/GNU-tools-for-STM32/bin/../lib/gcc/arm-none-eabi/13.3.1/../../../../arm-none-eabi/lib/thumb/v7e-m+fp/hard\libc_nano.a(libc_a-exit.o) (__stdio_exit_handler)
D:/software/STM32CubeCLT_1.18.0/GNU-tools-for-STM32/bin/../lib/gcc/arm-none-eabi/13.3.1/../../../../arm-none-eabi/lib/thumb/v7e-m+fp/hard\libc_nano.a(libc_a-fwalk.o)
                              D:/software/STM32CubeCLT_1.18.0/GNU-tools-for-STM32/bin/../lib/gcc/arm-none-eabi/13.3.1/../../../../arm-none-eabi/lib/thumb/v7e-m+fp/hard\libc_nano.a(libc_a-findfp.o) (_fwalk_sglue)
D:/software/STM32CubeCLT_1.18.0/GNU-tools-for-STM32/bin/../lib/gcc/arm-none-eabi/13.3.1/../../../../arm-none-eabi/lib/thumb/v7e-m+fp/hard\libc_nano.a(libc_a-stdio.o)
                              D:/software/STM32CubeCLT_1.18.0/GNU-tools-for-STM32/bin/../lib/gcc/arm-none-eabi/13.3.1/../../../../arm-none-eabi/lib/thumb/v7e-m+fp/hard\libc_nano.a(libc_a-findfp.o) (__sread)
D:/software/STM32CubeCLT_1.18.0/GNU-tools-for-STM32/bin/../lib/gcc/arm-none-eabi/13.3.1/../../../../arm-none-eabi/lib/thumb/v7e-m+fp/hard\libc_nano.a(libc_a-memset.o)
                              D:/software/STM32CubeCLT_1.18.0/GNU-tools-for-STM32/bin/../lib/gcc/arm-none-eabi/13.3.1/../../../../arm-none-eabi/lib/thumb/v7e-m+fp/hard/crt0.o (memset)
D:/software/STM32CubeCLT_1.18.0/GNU-tools-for-STM32/bin/../lib/gcc/arm-none-eabi/13.3.1/../../../../arm-none-eabi/lib/thumb/v7e-m+fp/hard\libc_nano.a(libc_a-closer.o)
                              D:/software/STM32CubeCLT_1.18.0/GNU-tools-for-STM32/bin/../lib/gcc/arm-none-eabi/13.3.1/../../../../arm-none-eabi/lib/thumb/v7e-m+fp/hard\libc_nano.a(libc_a-stdio.o) (_close_r)
D:/software/STM32CubeCLT_1.18.0/GNU-tools-for-STM32/bin/../lib/gcc/arm-none-eabi/13.3.1/../../../../arm-none-eabi/lib/thumb/v7e-m+fp/hard\libc_nano.a(libc_a-reent.o)
                              D:/software/STM32CubeCLT_1.18.0/GNU-tools-for-STM32/bin/../lib/gcc/arm-none-eabi/13.3.1/../../../../arm-none-eabi/lib/thumb/v7e-m+fp/hard\libc_nano.a(libc_a-closer.o) (errno)
D:/software/STM32CubeCLT_1.18.0/GNU-tools-for-STM32/bin/../lib/gcc/arm-none-eabi/13.3.1/../../../../arm-none-eabi/lib/thumb/v7e-m+fp/hard\libc_nano.a(libc_a-impure.o)
                              D:/software/STM32CubeCLT_1.18.0/GNU-tools-for-STM32/bin/../lib/gcc/arm-none-eabi/13.3.1/../../../../arm-none-eabi/lib/thumb/v7e-m+fp/hard\libc_nano.a(libc_a-reent.o) (_impure_ptr)
D:/software/STM32CubeCLT_1.18.0/GNU-tools-for-STM32/bin/../lib/gcc/arm-none-eabi/13.3.1/../../../../arm-none-eabi/lib/thumb/v7e-m+fp/hard\libc_nano.a(libc_a-lseekr.o)
                              D:/software/STM32CubeCLT_1.18.0/GNU-tools-for-STM32/bin/../lib/gcc/arm-none-eabi/13.3.1/../../../../arm-none-eabi/lib/thumb/v7e-m+fp/hard\libc_nano.a(libc_a-stdio.o) (_lseek_r)
D:/software/STM32CubeCLT_1.18.0/GNU-tools-for-STM32/bin/../lib/gcc/arm-none-eabi/13.3.1/../../../../arm-none-eabi/lib/thumb/v7e-m+fp/hard\libc_nano.a(libc_a-readr.o)
                              D:/software/STM32CubeCLT_1.18.0/GNU-tools-for-STM32/bin/../lib/gcc/arm-none-eabi/13.3.1/../../../../arm-none-eabi/lib/thumb/v7e-m+fp/hard\libc_nano.a(libc_a-stdio.o) (_read_r)
D:/software/STM32CubeCLT_1.18.0/GNU-tools-for-STM32/bin/../lib/gcc/arm-none-eabi/13.3.1/../../../../arm-none-eabi/lib/thumb/v7e-m+fp/hard\libc_nano.a(libc_a-writer.o)
                              D:/software/STM32CubeCLT_1.18.0/GNU-tools-for-STM32/bin/../lib/gcc/arm-none-eabi/13.3.1/../../../../arm-none-eabi/lib/thumb/v7e-m+fp/hard\libc_nano.a(libc_a-stdio.o) (_write_r)
D:/software/STM32CubeCLT_1.18.0/GNU-tools-for-STM32/bin/../lib/gcc/arm-none-eabi/13.3.1/../../../../arm-none-eabi/lib/thumb/v7e-m+fp/hard\libc_nano.a(libc_a-init.o)
                              D:/software/STM32CubeCLT_1.18.0/GNU-tools-for-STM32/bin/../lib/gcc/arm-none-eabi/13.3.1/../../../../arm-none-eabi/lib/thumb/v7e-m+fp/hard/crt0.o (__libc_init_array)
D:/software/STM32CubeCLT_1.18.0/GNU-tools-for-STM32/bin/../lib/gcc/arm-none-eabi/13.3.1/../../../../arm-none-eabi/lib/thumb/v7e-m+fp/hard\libc_nano.a(libc_a-lock.o)
                              D:/software/STM32CubeCLT_1.18.0/GNU-tools-for-STM32/bin/../lib/gcc/arm-none-eabi/13.3.1/../../../../arm-none-eabi/lib/thumb/v7e-m+fp/hard\libc_nano.a(libc_a-findfp.o) (__retarget_lock_init_recursive)
[...]
Memory Configuration

Name             Origin             Length             Attributes
RAM              0x20000000         0x00020000         xrw
CCMRAM           0x10000000         0x00010000         xrw
FLASH            0x08000000         0x00080000         xr
*default*        0x00000000         0xffffffff

Linker script and memory map

LOAD D:/software/STM32CubeCLT_1.18.0/GNU-tools-for-STM32/bin/../lib/gcc/arm-none-eabi/13.3.1/thumb/v7e-m+fp/hard/crti.o
LOAD D:/software/STM32CubeCLT_1.18.0/GNU-tools-for-STM32/bin/../lib/gcc/arm-none-eabi/13.3.1/thumb/v7e-m+fp/hard/crtbegin.o
LOAD D:/software/STM32CubeCLT_1.18.0/GNU-tools-for-STM32/bin/../lib/gcc/arm-none-eabi/13.3.1/../../../../arm-none-eabi/lib/thumb/v7e-m+fp/hard/crt0.o
START GROUP
LOAD D:/software/STM32CubeCLT_1.18.0/GNU-tools-for-STM32/bin/../lib/gcc/arm-none-eabi/13.3.1/../../../../arm-none-eabi/lib/thumb/v7e-m+fp/hard\libc_nano.a
LOAD D:/software/STM32CubeCLT_1.18.0/GNU-tools-for-STM32/bin/../lib/gcc/arm-none-eabi/13.3.1/../../../../arm-none-eabi/lib/thumb/v7e-m+fp/hard\libm.a
END GROUP
LOAD CMakeFiles/f407_demo_vscode.dir/Core/Src/main.c.obj
LOAD CMakeFiles/f407_demo_vscode.dir/Core/Src/gpio.c.obj
LOAD CMakeFiles/f407_demo_vscode.dir/Core/Src/stm32f4xx_it.c.obj
LOAD CMakeFiles/f407_demo_vscode.dir/Core/Src/stm32f4xx_hal_msp.c.obj
LOAD CMakeFiles/f407_demo_vscode.dir/Drivers/STM32F4xx_HAL_Driver/Src/stm32f4xx_hal_rcc.c.obj
LOAD CMakeFiles/f407_demo_vscode.dir/Drivers/STM32F4xx_HAL_Driver/Src/stm32f4xx_hal_rcc_ex.c.obj
LOAD CMakeFiles/f407_demo_vscode.dir/Drivers/STM32F4xx_HAL_Driver/Src/stm32f4xx_hal_flash.c.obj
LOAD CMakeFiles/f407_demo_vscode.dir/Drivers/STM32F4xx_HAL_Driver/Src/stm32f4xx_hal_flash_ex.c.obj
LOAD CMakeFiles/f407_demo_vscode.dir/Drivers/STM32F4xx_HAL_Driver/Src/stm32f4xx_hal_flash_ramfunc.c.obj
LOAD CMakeFiles/f407_demo_vscode.dir/Drivers/STM32F4xx_HAL_Driver/Src/stm32f4xx_hal_gpio.c.obj
LOAD CMakeFiles/f407_demo_vscode.dir/Drivers/STM32F4xx_HAL_Driver/Src/stm32f4xx_hal_dma_ex.c.obj
LOAD CMakeFiles/f407_demo_vscode.dir/Drivers/STM32F4xx_HAL_Driver/Src/stm32f4xx_hal_dma.c.obj
LOAD CMakeFiles/f407_demo_vscode.dir/Drivers/STM32F4xx_HAL_Driver/Src/stm32f4xx_hal_pwr.c.obj
LOAD CMakeFiles/f407_demo_vscode.dir/Drivers/STM32F4xx_HAL_Driver/Src/stm32f4xx_hal_pwr_ex.c.obj
LOAD CMakeFiles/f407_demo_vscode.dir/Drivers/STM32F4xx_HAL_Driver/Src/stm32f4xx_hal_cortex.c.obj
LOAD CMakeFiles/f407_demo_vscode.dir/Drivers/STM32F4xx_HAL_Driver/Src/stm32f4xx_hal.c.obj
LOAD CMakeFiles/f407_demo_vscode.dir/Drivers/STM32F4xx_HAL_Driver/Src/stm32f4xx_hal_exti.c.obj
LOAD CMakeFiles/f407_demo_vscode.dir/Core/Src/system_stm32f4xx.c.obj
LOAD CMakeFiles/f407_demo_vscode.dir/Core/Src/sysmem.c.obj
LOAD CMakeFiles/f407_demo_vscode.dir/Core/Src/syscalls.c.obj
LOAD CMakeFiles/f407_demo_vscode.dir/startup_stm32f407xx.s.obj
START GROUP
LOAD D:/software/STM32CubeCLT_1.18.0/GNU-tools-for-STM32/bin/../lib/gcc/arm-none-eabi/13.3.1/thumb/v7e-m+fp/hard\libgcc.a
LOAD D:/software/STM32CubeCLT_1.18.0/GNU-tools-for-STM32/bin/../lib/gcc/arm-none-eabi/13.3.1/../../../../arm-none-eabi/lib/thumb/v7e-m+fp/hard\libg_nano.a
LOAD D:/software/STM32CubeCLT_1.18.0/GNU-tools-for-STM32/bin/../lib/gcc/arm-none-eabi/13.3.1/../../../../arm-none-eabi/lib/thumb/v7e-m+fp/hard\libc_nano.a
END GROUP
START GROUP
LOAD D:/software/STM32CubeCLT_1.18.0/GNU-tools-for-STM32/bin/../lib/gcc/arm-none-eabi/13.3.1/thumb/v7e-m+fp/hard\libgcc.a
LOAD D:/software/STM32CubeCLT_1.18.0/GNU-tools-for-STM32/bin/../lib/gcc/arm-none-eabi/13.3.1/../../../../arm-none-eabi/lib/thumb/v7e-m+fp/hard\libc_nano.a
END GROUP
LOAD D:/software/STM32CubeCLT_1.18.0/GNU-tools-for-STM32/bin/../lib/gcc/arm-none-eabi/13.3.1/thumb/v7e-m+fp/hard/crtend.o
LOAD D:/software/STM32CubeCLT_1.18.0/GNU-tools-for-STM32/bin/../lib/gcc/arm-none-eabi/13.3.1/thumb/v7e-m+fp/hard/crtn.o
                0x20020000                        _estack = (ORIGIN (RAM) + LENGTH (RAM))
                0x00000200                        _Min_Heap_Size = 0x200
                0x00000400                        _Min_Stack_Size = 0x400

.isr_vector     0x08000000      0x188
                0x08000000                        . = ALIGN (0x4)
 *(.isr_vector)
 .isr_vector    0x08000000      0x188 CMakeFiles/f407_demo_vscode.dir/startup_stm32f407xx.s.obj
                0x08000000                g_pfnVectors
                0x08000188                        . = ALIGN (0x4)

.text           0x08000188     0x1630
                0x08000188                        . = ALIGN (0x4)
 *(.text)
 .text          0x08000188       0x40 D:/software/STM32CubeCLT_1.18.0/GNU-tools-for-STM32/bin/../lib/gcc/arm-none-eabi/13.3.1/thumb/v7e-m+fp/hard/crtbegin.o
 .text          0x080001c8       0x30 D:/software/STM32CubeCLT_1.18.0/GNU-tools-for-STM32/bin/../lib/gcc/arm-none-eabi/13.3.1/thumb/v7e-m+fp/hard\libgcc.a(_aeabi_uldivmod.o)
                0x080001c8                __aeabi_uldivmod
 .text          0x080001f8      0x2f8 D:/software/STM32CubeCLT_1.18.0/GNU-tools-for-STM32/bin/../lib/gcc/arm-none-eabi/13.3.1/thumb/v7e-m+fp/hard\libgcc.a(_udivmoddi4.o)
                0x080001f8                __udivmoddi4
 .text          0x080004f0        0x4 D:/software/STM32CubeCLT_1.18.0/GNU-tools-for-STM32/bin/../lib/gcc/arm-none-eabi/13.3.1/thumb/v7e-m+fp/hard\libgcc.a(_dvmd_tls.o)
                0x080004f0                __aeabi_idiv0
                0x080004f0                __aeabi_ldiv0
 *(.text*)
 .text.memset   0x080004f4       0x10 D:/software/STM32CubeCLT_1.18.0/GNU-tools-for-STM32/bin/../lib/gcc/arm-none-eabi/13.3.1/../../../../arm-none-eabi/lib/thumb/v7e-m+fp/hard\libc_nano.a(libc_a-memset.o)
                0x080004f4                memset
 .text.__libc_init_array
                0x08000504       0x48 D:/software/STM32CubeCLT_1.18.0/GNU-tools-for-STM32/bin/../lib/gcc/arm-none-eabi/13.3.1/../../../../arm-none-eabi/lib/thumb/v7e-m+fp/hard\libc_nano.a(libc_a-init.o)
                0x08000504                __libc_init_array
 .text.main     0x0800054c       0x4c CMakeFiles/f407_demo_vscode.dir/Core/Src/main.c.obj
                0x0800054c                main
 .text.SystemClock_Config
                0x08000598       0xd4 CMakeFiles/f407_demo_vscode.dir/Core/Src/main.c.obj
                0x08000598                SystemClock_Config
 .text.Error_Handler
                0x0800066c        0xc CMakeFiles/f407_demo_vscode.dir/Core/Src/main.c.obj
                0x0800066c                Error_Handler
 .text.MX_GPIO_Init
                0x08000678       0xa0 CMakeFiles/f407_demo_vscode.dir/Core/Src/gpio.c.obj
                0x08000678                MX_GPIO_Init
 .text.NMI_Handler
                0x08000718        0x8 CMakeFiles/f407_demo_vscode.dir/Core/Src/stm32f4xx_it.c.obj
                0x08000718                NMI_Handler
 .text.HardFault_Handler
                0x08000720        0x8 CMakeFiles/f407_demo_vscode.dir/Core/Src/stm32f4xx_it.c.obj
                0x08000720                HardFault_Handler
 .text.MemManage_Handler
                0x08000728        0x8 CMakeFiles/f407_demo_vscode.dir/Core/Src/stm32f4xx_it.c.obj
                0x08000728                MemManage_Handler
 .text.BusFault_Handler
                0x08000730        0x8 CMakeFiles/f407_demo_vscode.dir/Core/Src/stm32f4xx_it.c.obj
                0x08000730                BusFault_Handler
 .text.UsageFault_Handler
                0x08000738        0x8 CMakeFiles/f407_demo_vscode.dir/Core/Src/stm32f4xx_it.c.obj
                0x08000738                UsageFault_Handler
 .text.SVC_Handler
                0x08000740        0xe CMakeFiles/f407_demo_vscode.dir/Core/Src/stm32f4xx_it.c.obj
                0x08000740                SVC_Handler
 .text.DebugMon_Handler
                0x0800074e        0xe CMakeFiles/f407_demo_vscode.dir/Core/Src/stm32f4xx_it.c.obj
                0x0800074e                DebugMon_Handler
 .text.PendSV_Handler
                0x0800075c        0xe CMakeFiles/f407_demo_vscode.dir/Core/Src/stm32f4xx_it.c.obj
                0x0800075c                PendSV_Handler
 .text.SysTick_Handler
                0x0800076a        0xc CMakeFiles/f407_demo_vscode.dir/Core/Src/stm32f4xx_it.c.obj
                0x0800076a                SysTick_Handler
 *fill*         0x08000776        0x2 
 .text.HAL_MspInit
                0x08000778       0x50 CMakeFiles/f407_demo_vscode.dir/Core/Src/stm32f4xx_hal_msp.c.obj
                0x08000778                HAL_MspInit
 .text.HAL_RCC_OscConfig
                0x080007c8      0x4f0 CMakeFiles/f407_demo_vscode.dir/Drivers/STM32F4xx_HAL_Driver/Src/stm32f4xx_hal_rcc.c.obj
                0x080007c8                HAL_RCC_OscConfig
 .text.HAL_RCC_ClockConfig
                0x08000cb8      0x1cc CMakeFiles/f407_demo_vscode.dir/Drivers/STM32F4xx_HAL_Driver/Src/stm32f4xx_hal_rcc.c.obj
                0x08000cb8                HAL_RCC_ClockConfig
 .text.HAL_RCC_GetSysClockFreq
                0x08000e84      0x20c CMakeFiles/f407_demo_vscode.dir/Drivers/STM32F4xx_HAL_Driver/Src/stm32f4xx_hal_rcc.c.obj
                0x08000e84                HAL_RCC_GetSysClockFreq
 .text.HAL_GPIO_Init
                0x08001090      0x338 CMakeFiles/f407_demo_vscode.dir/Drivers/STM32F4xx_HAL_Driver/Src/stm32f4xx_hal_gpio.c.obj
                0x08001090                HAL_GPIO_Init
 .text.HAL_GPIO_WritePin
                0x080013c8       0x32 CMakeFiles/f407_demo_vscode.dir/Drivers/STM32F4xx_HAL_Driver/Src/stm32f4xx_hal_gpio.c.obj
                0x080013c8                HAL_GPIO_WritePin
 .text.HAL_GPIO_TogglePin
                0x080013fa       0x34 CMakeFiles/f407_demo_vscode.dir/Drivers/STM32F4xx_HAL_Driver/Src/stm32f4xx_hal_gpio.c.obj
                0x080013fa                HAL_GPIO_TogglePin
 *fill*         0x0800142e        0x2 
 .text.__NVIC_SetPriorityGrouping
                0x08001430       0x48 CMakeFiles/f407_demo_vscode.dir/Drivers/STM32F4xx_HAL_Driver/Src/stm32f4xx_hal_cortex.c.obj
 .text.__NVIC_GetPriorityGrouping
                0x08001478       0x1c CMakeFiles/f407_demo_vscode.dir/Drivers/STM32F4xx_HAL_Driver/Src/stm32f4xx_hal_cortex.c.obj
 .text.__NVIC_SetPriority
                0x08001494       0x54 CMakeFiles/f407_demo_vscode.dir/Drivers/STM32F4xx_HAL_Driver/Src/stm32f4xx_hal_cortex.c.obj
 .text.NVIC_EncodePriority
                0x080014e8       0x66 CMakeFiles/f407_demo_vscode.dir/Drivers/STM32F4xx_HAL_Driver/Src/stm32f4xx_hal_cortex.c.obj
 *fill*         0x0800154e        0x2 
 .text.SysTick_Config
                0x08001550       0x44 CMakeFiles/f407_demo_vscode.dir/Drivers/STM32F4xx_HAL_Driver/Src/stm32f4xx_hal_cortex.c.obj
 .text.HAL_NVIC_SetPriorityGrouping
                0x08001594       0x16 CMakeFiles/f407_demo_vscode.dir/Drivers/STM32F4xx_HAL_Driver/Src/stm32f4xx_hal_cortex.c.obj
                0x08001594                HAL_NVIC_SetPriorityGrouping
 .text.HAL_NVIC_SetPriority
                0x080015aa       0x38 CMakeFiles/f407_demo_vscode.dir/Drivers/STM32F4xx_HAL_Driver/Src/stm32f4xx_hal_cortex.c.obj
                0x080015aa                HAL_NVIC_SetPriority
 .text.HAL_SYSTICK_Config
                0x080015e2       0x18 CMakeFiles/f407_demo_vscode.dir/Drivers/STM32F4xx_HAL_Driver/Src/stm32f4xx_hal_cortex.c.obj
                0x080015e2                HAL_SYSTICK_Config
 *fill*         0x080015fa        0x2 
 .text.HAL_Init
                0x080015fc       0x44 CMakeFiles/f407_demo_vscode.dir/Drivers/STM32F4xx_HAL_Driver/Src/stm32f4xx_hal.c.obj
                0x080015fc                HAL_Init
 .text.HAL_InitTick
                0x08001640       0x60 CMakeFiles/f407_demo_vscode.dir/Drivers/STM32F4xx_HAL_Driver/Src/stm32f4xx_hal.c.obj
                0x08001640                HAL_InitTick
 .text.HAL_IncTick
                0x080016a0       0x28 CMakeFiles/f407_demo_vscode.dir/Drivers/STM32F4xx_HAL_Driver/Src/stm32f4xx_hal.c.obj
                0x080016a0                HAL_IncTick
 .text.HAL_GetTick
                0x080016c8       0x18 CMakeFiles/f407_demo_vscode.dir/Drivers/STM32F4xx_HAL_Driver/Src/stm32f4xx_hal.c.obj
                0x080016c8                HAL_GetTick
 .text.HAL_Delay
                0x080016e0       0x48 CMakeFiles/f407_demo_vscode.dir/Drivers/STM32F4xx_HAL_Driver/Src/stm32f4xx_hal.c.obj
                0x080016e0                HAL_Delay
 .text.SystemInit
                0x08001728       0x24 CMakeFiles/f407_demo_vscode.dir/Core/Src/system_stm32f4xx.c.obj
                0x08001728                SystemInit
 .text.Reset_Handler
                0x0800174c       0x50 CMakeFiles/f407_demo_vscode.dir/startup_stm32f407xx.s.obj
                0x0800174c                Reset_Handler
 .text.Default_Handler
                0x0800179c        0x2 CMakeFiles/f407_demo_vscode.dir/startup_stm32f407xx.s.obj
                0x0800179c                RTC_Alarm_IRQHandler
                0x0800179c                HASH_RNG_IRQHandler
                0x0800179c                EXTI2_IRQHandler
                0x0800179c                TIM8_CC_IRQHandler
                0x0800179c                TIM1_CC_IRQHandler
                0x0800179c                DMA2_Stream5_IRQHandler
                0x0800179c                DMA1_Stream5_IRQHandler
                0x0800179c                PVD_IRQHandler
                0x0800179c                SDIO_IRQHandler
                0x0800179c                TAMP_STAMP_IRQHandler
                0x0800179c                CAN2_RX1_IRQHandler
                0x0800179c                EXTI3_IRQHandler
                0x0800179c                TIM8_TRG_COM_TIM14_IRQHandler
                0x0800179c                TIM1_UP_TIM10_IRQHandler
                0x0800179c                TIM8_UP_TIM13_IRQHandler
                0x0800179c                I2C3_ER_IRQHandler
                0x0800179c                EXTI0_IRQHandler
                0x0800179c                I2C2_EV_IRQHandler
                0x0800179c                DMA1_Stream2_IRQHandler
                0x0800179c                CAN1_RX0_IRQHandler
                0x0800179c                FPU_IRQHandler
                0x0800179c                OTG_HS_WKUP_IRQHandler
                0x0800179c                CAN2_SCE_IRQHandler
                0x0800179c                DMA2_Stream2_IRQHandler
                0x0800179c                SPI1_IRQHandler
                0x0800179c                TIM6_DAC_IRQHandler
                0x0800179c                TIM1_BRK_TIM9_IRQHandler
                0x0800179c                DCMI_IRQHandler
                0x0800179c                CAN2_RX0_IRQHandler
                0x0800179c                DMA2_Stream3_IRQHandler
                0x0800179c                USART6_IRQHandler
                0x0800179c                USART3_IRQHandler
                0x0800179c                CAN1_RX1_IRQHandler
                0x0800179c                UART5_IRQHandler
                0x0800179c                DMA2_Stream0_IRQHandler
                0x0800179c                TIM4_IRQHandler
                0x0800179c                I2C1_EV_IRQHandler
                0x0800179c                DMA1_Stream6_IRQHandler
                0x0800179c                DMA1_Stream1_IRQHandler
                0x0800179c                UART4_IRQHandler
                0x0800179c                TIM3_IRQHandler
                0x0800179c                RCC_IRQHandler
                0x0800179c                TIM8_BRK_TIM12_IRQHandler
                0x0800179c                Default_Handler
                0x0800179c                EXTI15_10_IRQHandler
                0x0800179c                ADC_IRQHandler
                0x0800179c                DMA1_Stream7_IRQHandler
                0x0800179c                TIM7_IRQHandler
                0x0800179c                CAN2_TX_IRQHandler
                0x0800179c                TIM5_IRQHandler
                0x0800179c                DMA2_Stream7_IRQHandler
                0x0800179c                I2C3_EV_IRQHandler
                0x0800179c                EXTI9_5_IRQHandler
                0x0800179c                RTC_WKUP_IRQHandler
                0x0800179c                ETH_WKUP_IRQHandler
                0x0800179c                SPI2_IRQHandler
                0x0800179c                OTG_HS_EP1_IN_IRQHandler
                0x0800179c                DMA1_Stream0_IRQHandler
                0x0800179c                CAN1_TX_IRQHandler
                0x0800179c                EXTI4_IRQHandler
                0x0800179c                FSMC_IRQHandler
                0x0800179c                ETH_IRQHandler
                0x0800179c                OTG_HS_EP1_OUT_IRQHandler
                0x0800179c                WWDG_IRQHandler
                0x0800179c                TIM2_IRQHandler
                0x0800179c                OTG_FS_WKUP_IRQHandler
                0x0800179c                TIM1_TRG_COM_TIM11_IRQHandler
                0x0800179c                OTG_HS_IRQHandler
                0x0800179c                EXTI1_IRQHandler
                0x0800179c                USART2_IRQHandler
                0x0800179c                I2C2_ER_IRQHandler
                0x0800179c                DMA2_Stream1_IRQHandler
                0x0800179c                CAN1_SCE_IRQHandler
                0x0800179c                FLASH_IRQHandler
                0x0800179c                DMA2_Stream4_IRQHandler
                0x0800179c                USART1_IRQHandler
                0x0800179c                OTG_FS_IRQHandler
                0x0800179c                SPI3_IRQHandler
                0x0800179c                DMA1_Stream4_IRQHandler
                0x0800179c                I2C1_ER_IRQHandler
                0x0800179c                DMA2_Stream6_IRQHandler
                0x0800179c                DMA1_Stream3_IRQHandler
 *(.glue_7)
 .glue_7        0x0800179e        0x0 linker stubs
 *(.glue_7t)
 .glue_7t       0x0800179e        0x0 linker stubs
 *(.eh_frame)
 *fill*         0x0800179e        0x2 
 .eh_frame      0x080017a0        0x0 D:/software/STM32CubeCLT_1.18.0/GNU-tools-for-STM32/bin/../lib/gcc/arm-none-eabi/13.3.1/thumb/v7e-m+fp/hard/crtbegin.o
 *(.init)
 .init          0x080017a0        0x4 D:/software/STM32CubeCLT_1.18.0/GNU-tools-for-STM32/bin/../lib/gcc/arm-none-eabi/13.3.1/thumb/v7e-m+fp/hard/crti.o
                0x080017a0                _init
 .init          0x080017a4        0x8 D:/software/STM32CubeCLT_1.18.0/GNU-tools-for-STM32/bin/../lib/gcc/arm-none-eabi/13.3.1/thumb/v7e-m+fp/hard/crtn.o
 *(.fini)
 .fini          0x080017ac        0x4 D:/software/STM32CubeCLT_1.18.0/GNU-tools-for-STM32/bin/../lib/gcc/arm-none-eabi/13.3.1/thumb/v7e-m+fp/hard/crti.o
                0x080017ac                _fini
 .fini          0x080017b0        0x8 D:/software/STM32CubeCLT_1.18.0/GNU-tools-for-STM32/bin/../lib/gcc/arm-none-eabi/13.3.1/thumb/v7e-m+fp/hard/crtn.o
                0x080017b8                        . = ALIGN (0x4)
                0x080017b8                        _etext = .

.vfp11_veneer   0x080017b8        0x0
 .vfp11_veneer  0x080017b8        0x0 linker stubs

.v4_bx          0x080017b8        0x0
 .v4_bx         0x080017b8        0x0 linker stubs

.iplt           0x080017b8        0x0
 .iplt          0x080017b8        0x0 D:/software/STM32CubeCLT_1.18.0/GNU-tools-for-STM32/bin/../lib/gcc/arm-none-eabi/13.3.1/thumb/v7e-m+fp/hard/crtbegin.o

.rodata         0x080017b8       0x10
                0x080017b8                        . = ALIGN (0x4)
 *(.rodata)
 *(.rodata*)
 .rodata.AHBPrescTable
                0x080017b8       0x10 CMakeFiles/f407_demo_vscode.dir/Core/Src/system_stm32f4xx.c.obj
                0x080017b8                AHBPrescTable
                0x080017c8                        . = ALIGN (0x4)

.ARM.extab
 *(.ARM.extab* .gnu.linkonce.armextab.*)

.ARM            0x080017c8        0x8
                0x080017c8                        __exidx_start = .
 *(.ARM.exidx*)
 .ARM.exidx     0x080017c8        0x8 D:/software/STM32CubeCLT_1.18.0/GNU-tools-for-STM32/bin/../lib/gcc/arm-none-eabi/13.3.1/thumb/v7e-m+fp/hard\libgcc.a(_udivmoddi4.o)
                0x080017d0                        __exidx_end = .

.rel.dyn        0x080017d0        0x0
 .rel.iplt      0x080017d0        0x0 D:/software/STM32CubeCLT_1.18.0/GNU-tools-for-STM32/bin/../lib/gcc/arm-none-eabi/13.3.1/thumb/v7e-m+fp/hard/crtbegin.o

.preinit_array  0x080017d0        0x0
                0x080017d0                        PROVIDE (__preinit_array_start = .)
 *(.preinit_array*)
                0x080017d0                        PROVIDE (__preinit_array_end = .)

.init_array     0x080017d0        0x4
                0x080017d0                        PROVIDE (__init_array_start = .)
 *(SORT_BY_NAME(.init_array.*))
 *(.init_array*)
 .init_array    0x080017d0        0x4 D:/software/STM32CubeCLT_1.18.0/GNU-tools-for-STM32/bin/../lib/gcc/arm-none-eabi/13.3.1/thumb/v7e-m+fp/hard/crtbegin.o
                0x080017d4                        PROVIDE (__init_array_end = .)

.fini_array     0x080017d4        0x4
                [!provide]                        PROVIDE (__fini_array_start = .)
 *(SORT_BY_NAME(.fini_array.*))
 *(.fini_array*)
 .fini_array    0x080017d4        0x4 D:/software/STM32CubeCLT_1.18.0/GNU-tools-for-STM32/bin/../lib/gcc/arm-none-eabi/13.3.1/thumb/v7e-m+fp/hard/crtbegin.o
                [!provide]                        PROVIDE (__fini_array_end = .)
                0x080017d8                        _sidata = LOADADDR (.data)

.data           0x20000000        0xc load address 0x080017d8
                0x20000000                        . = ALIGN (0x4)
                0x20000000                        _sdata = .
 *(.data)
 *(.data*)
 .data.uwTickPrio
                0x20000000        0x4 CMakeFiles/f407_demo_vscode.dir/Drivers/STM32F4xx_HAL_Driver/Src/stm32f4xx_hal.c.obj
                0x20000000                uwTickPrio
 .data.uwTickFreq
                0x20000004        0x1 CMakeFiles/f407_demo_vscode.dir/Drivers/STM32F4xx_HAL_Driver/Src/stm32f4xx_hal.c.obj
                0x20000004                uwTickFreq
 *fill*         0x20000005        0x3 
 .data.SystemCoreClock
                0x20000008        0x4 CMakeFiles/f407_demo_vscode.dir/Core/Src/system_stm32f4xx.c.obj
                0x20000008                SystemCoreClock
                0x2000000c                        . = ALIGN (0x4)
                0x2000000c                        _edata = .
                0x080017e4                        _siccmram = LOADADDR (.ccmram)

.igot.plt       0x2000000c        0x0 load address 0x080017e4
 .igot.plt      0x2000000c        0x0 D:/software/STM32CubeCLT_1.18.0/GNU-tools-for-STM32/bin/../lib/gcc/arm-none-eabi/13.3.1/thumb/v7e-m+fp/hard/crtbegin.o

.ccmram         0x10000000        0x0 load address 0x080017e4
                0x10000000                        . = ALIGN (0x4)
                0x10000000                        _sccmram = .
 *(.ccmram)
 *(.ccmram*)
                0x10000000                        . = ALIGN (0x4)
                0x10000000                        _eccmram = .
                0x10000000                        . = ALIGN (0x4)

.bss            0x2000000c       0x24
                0x2000000c                        _sbss = .
                0x2000000c                        __bss_start__ = _sbss
 *(.bss)
 .bss           0x2000000c       0x1c D:/software/STM32CubeCLT_1.18.0/GNU-tools-for-STM32/bin/../lib/gcc/arm-none-eabi/13.3.1/thumb/v7e-m+fp/hard/crtbegin.o
 *(.bss*)
 .bss.test_cnt  0x20000028        0x1 CMakeFiles/f407_demo_vscode.dir/Core/Src/main.c.obj
                0x20000028                test_cnt
 *fill*         0x20000029        0x3 
 .bss.uwTick    0x2000002c        0x4 CMakeFiles/f407_demo_vscode.dir/Drivers/STM32F4xx_HAL_Driver/Src/stm32f4xx_hal.c.obj
                0x2000002c                uwTick
 *(COMMON)
                0x20000030                        . = ALIGN (0x4)
                0x20000030                        _ebss = .
                0x20000030                        __bss_end__ = _ebss

._user_heap_stack
                0x20000030      0x600
                0x20000030                        . = ALIGN (0x8)
                [!provide]                        PROVIDE (end = .)
                0x20000030                        PROVIDE (_end = .)
                0x20000230                        . = (. + _Min_Heap_Size)
 *fill*         0x20000030      0x200 
                0x20000630                        . = (. + _Min_Stack_Size)
 *fill*         0x20000230      0x400 
                0x20000630                        . = ALIGN (0x8)

/DISCARD/
 libc.a(*)
 libm.a(*)
 libgcc.a(*)
OUTPUT(f407_demo_vscode.elf elf32-littlearm)
LOAD linker stubs
LOAD D:/software/STM32CubeCLT_1.18.0/GNU-tools-for-STM32/bin/../lib/gcc/arm-none-eabi/13.3.1/../../../../arm-none-eabi/lib/thumb/v7e-m+fp/hard\libc.a
LOAD D:/software/STM32CubeCLT_1.18.0/GNU-tools-for-STM32/bin/../lib/gcc/arm-none-eabi/13.3.1/../../../../arm-none-eabi/lib/thumb/v7e-m+fp/hard\libm.a
LOAD D:/software/STM32CubeCLT_1.18.0/GNU-tools-for-STM32/bin/../lib/gcc/arm-none-eabi/13.3.1/thumb/v7e-m+fp/hard\libgcc.a

.ARM.attributes
                0x00000000       0x30
 .ARM.attributes
                0x00000000       0x22 D:/software/STM32CubeCLT_1.18.0/GNU-tools-for-STM32/bin/../lib/gcc/arm-none-eabi/13.3.1/thumb/v7e-m+fp/hard/crti.o
 .ARM.attributes
                0x00000022       0x34 D:/software/STM32CubeCLT_1.18.0/GNU-tools-for-STM32/bin/../lib/gcc/arm-none-eabi/13.3.1/thumb/v7e-m+fp/hard/crtbegin.o
 .ARM.attributes
                0x00000056       0x34 D:/software/STM32CubeCLT_1.18.0/GNU-tools-for-STM32/bin/../lib/gcc/arm-none-eabi/13.3.1/../../../../arm-none-eabi/lib/thumb/v7e-m+fp/hard\libc_nano.a(libc_a-memset.o)
 .ARM.attributes
                0x0000008a       0x34 D:/software/STM32CubeCLT_1.18.0/GNU-tools-for-STM32/bin/../lib/gcc/arm-none-eabi/13.3.1/../../../../arm-none-eabi/lib/thumb/v7e-m+fp/hard\libc_nano.a(libc_a-init.o)
 .ARM.attributes
                0x000000be       0x34 CMakeFiles/f407_demo_vscode.dir/Core/Src/main.c.obj
 .ARM.attributes
                0x000000f2       0x34 CMakeFiles/f407_demo_vscode.dir/Core/Src/gpio.c.obj
 .ARM.attributes
                0x00000126       0x34 CMakeFiles/f407_demo_vscode.dir/Core/Src/stm32f4xx_it.c.obj
 .ARM.attributes
                0x0000015a       0x34 CMakeFiles/f407_demo_vscode.dir/Core/Src/stm32f4xx_hal_msp.c.obj
 .ARM.attributes
                0x0000018e       0x34 CMakeFiles/f407_demo_vscode.dir/Drivers/STM32F4xx_HAL_Driver/Src/stm32f4xx_hal_rcc.c.obj
 .ARM.attributes
                0x000001c2       0x34 CMakeFiles/f407_demo_vscode.dir/Drivers/STM32F4xx_HAL_Driver/Src/stm32f4xx_hal_gpio.c.obj
 .ARM.attributes
                0x000001f6       0x34 CMakeFiles/f407_demo_vscode.dir/Drivers/STM32F4xx_HAL_Driver/Src/stm32f4xx_hal_cortex.c.obj
 .ARM.attributes
                0x0000022a       0x34 CMakeFiles/f407_demo_vscode.dir/Drivers/STM32F4xx_HAL_Driver/Src/stm32f4xx_hal.c.obj
 .ARM.attributes
                0x0000025e       0x34 CMakeFiles/f407_demo_vscode.dir/Core/Src/system_stm32f4xx.c.obj
 .ARM.attributes
                0x00000292       0x21 CMakeFiles/f407_demo_vscode.dir/startup_stm32f407xx.s.obj
 .ARM.attributes
                0x000002b3       0x22 D:/software/STM32CubeCLT_1.18.0/GNU-tools-for-STM32/bin/../lib/gcc/arm-none-eabi/13.3.1/thumb/v7e-m+fp/hard\libgcc.a(_aeabi_uldivmod.o)
 .ARM.attributes
                0x000002d5       0x34 D:/software/STM32CubeCLT_1.18.0/GNU-tools-for-STM32/bin/../lib/gcc/arm-none-eabi/13.3.1/thumb/v7e-m+fp/hard\libgcc.a(_udivmoddi4.o)
 .ARM.attributes
                0x00000309       0x22 D:/software/STM32CubeCLT_1.18.0/GNU-tools-for-STM32/bin/../lib/gcc/arm-none-eabi/13.3.1/thumb/v7e-m+fp/hard\libgcc.a(_dvmd_tls.o)
 .ARM.attributes
                0x0000032b       0x22 D:/software/STM32CubeCLT_1.18.0/GNU-tools-for-STM32/bin/../lib/gcc/arm-none-eabi/13.3.1/thumb/v7e-m+fp/hard/crtn.o

.comment        0x00000000       0x43
 .comment       0x00000000       0x43 CMakeFiles/f407_demo_vscode.dir/Core/Src/main.c.obj
                                 0x44 (size before relaxing)
 .comment       0x00000043       0x44 CMakeFiles/f407_demo_vscode.dir/Core/Src/gpio.c.obj
 .comment       0x00000043       0x44 CMakeFiles/f407_demo_vscode.dir/Core/Src/stm32f4xx_it.c.obj
 .comment       0x00000043       0x44 CMakeFiles/f407_demo_vscode.dir/Core/Src/stm32f4xx_hal_msp.c.obj
 .comment       0x00000043       0x44 CMakeFiles/f407_demo_vscode.dir/Drivers/STM32F4xx_HAL_Driver/Src/stm32f4xx_hal_rcc.c.obj
 .comment       0x00000043       0x44 CMakeFiles/f407_demo_vscode.dir/Drivers/STM32F4xx_HAL_Driver/Src/stm32f4xx_hal_gpio.c.obj
 .comment       0x00000043       0x44 CMakeFiles/f407_demo_vscode.dir/Drivers/STM32F4xx_HAL_Driver/Src/stm32f4xx_hal_cortex.c.obj
 .comment       0x00000043       0x44 CMakeFiles/f407_demo_vscode.dir/Drivers/STM32F4xx_HAL_Driver/Src/stm32f4xx_hal.c.obj
 .comment       0x00000043       0x44 CMakeFiles/f407_demo_vscode.dir/Core/Src/system_stm32f4xx.c.obj

.debug_frame    0x00000000      0xe98
 .debug_frame   0x00000000       0x20 D:/software/STM32CubeCLT_1.18.0/GNU-tools-for-STM32/bin/../lib/gcc/arm-none-eabi/13.3.1/../../../../arm-none-eabi/lib/thumb/v7e-m+fp/hard\libc_nano.a(libc_a-memset.o)
 .debug_frame   0x00000020       0x2c D:/software/STM32CubeCLT_1.18.0/GNU-tools-for-STM32/bin/../lib/gcc/arm-none-eabi/13.3.1/../../../../arm-none-eabi/lib/thumb/v7e-m+fp/hard\libc_nano.a(libc_a-init.o)
 .debug_frame   0x0000004c       0x68 CMakeFiles/f407_demo_vscode.dir/Core/Src/main.c.obj
 .debug_frame   0x000000b4       0x34 CMakeFiles/f407_demo_vscode.dir/Core/Src/gpio.c.obj
 .debug_frame   0x000000e8      0x104 CMakeFiles/f407_demo_vscode.dir/Core/Src/stm32f4xx_it.c.obj
 .debug_frame   0x000001ec       0x38 CMakeFiles/f407_demo_vscode.dir/Core/Src/stm32f4xx_hal_msp.c.obj
 .debug_frame   0x00000224      0x1f4 CMakeFiles/f407_demo_vscode.dir/Drivers/STM32F4xx_HAL_Driver/Src/stm32f4xx_hal_rcc.c.obj
 .debug_frame   0x00000418      0x14c CMakeFiles/f407_demo_vscode.dir/Drivers/STM32F4xx_HAL_Driver/Src/stm32f4xx_hal_gpio.c.obj
 .debug_frame   0x00000564      0x508 CMakeFiles/f407_demo_vscode.dir/Drivers/STM32F4xx_HAL_Driver/Src/stm32f4xx_hal_cortex.c.obj
 .debug_frame   0x00000a6c      0x374 CMakeFiles/f407_demo_vscode.dir/Drivers/STM32F4xx_HAL_Driver/Src/stm32f4xx_hal.c.obj
 .debug_frame   0x00000de0       0x58 CMakeFiles/f407_demo_vscode.dir/Core/Src/system_stm32f4xx.c.obj
 .debug_frame   0x00000e38       0x2c D:/software/STM32CubeCLT_1.18.0/GNU-tools-for-STM32/bin/../lib/gcc/arm-none-eabi/13.3.1/thumb/v7e-m+fp/hard\libgcc.a(_aeabi_uldivmod.o)
 .debug_frame   0x00000e64       0x34 D:/software/STM32CubeCLT_1.18.0/GNU-tools-for-STM32/bin/../lib/gcc/arm-none-eabi/13.3.1/thumb/v7e-m+fp/hard\libgcc.a(_udivmoddi4.o)

.debug_info     0x00000000     0x3881
 .debug_info    0x00000000      0x595 CMakeFiles/f407_demo_vscode.dir/Core/Src/main.c.obj
 .debug_info    0x00000595      0x3ed CMakeFiles/f407_demo_vscode.dir/Core/Src/gpio.c.obj
 .debug_info    0x00000982      0x112 CMakeFiles/f407_demo_vscode.dir/Core/Src/stm32f4xx_it.c.obj
 .debug_info    0x00000a94      0x269 CMakeFiles/f407_demo_vscode.dir/Core/Src/stm32f4xx_hal_msp.c.obj
 .debug_info    0x00000cfd      0x8af CMakeFiles/f407_demo_vscode.dir/Drivers/STM32F4xx_HAL_Driver/Src/stm32f4xx_hal_rcc.c.obj
 .debug_info    0x000015ac      0x6c3 CMakeFiles/f407_demo_vscode.dir/Drivers/STM32F4xx_HAL_Driver/Src/stm32f4xx_hal_gpio.c.obj
 .debug_info    0x00001c6f      0xd8c CMakeFiles/f407_demo_vscode.dir/Drivers/STM32F4xx_HAL_Driver/Src/stm32f4xx_hal_cortex.c.obj
 .debug_info    0x000029fb      0x944 CMakeFiles/f407_demo_vscode.dir/Drivers/STM32F4xx_HAL_Driver/Src/stm32f4xx_hal.c.obj
 .debug_info    0x0000333f      0x512 CMakeFiles/f407_demo_vscode.dir/Core/Src/system_stm32f4xx.c.obj
 .debug_info    0x00003851       0x30 CMakeFiles/f407_demo_vscode.dir/startup_stm32f407xx.s.obj

.debug_abbrev   0x00000000      0xf97
 .debug_abbrev  0x00000000      0x200 CMakeFiles/f407_demo_vscode.dir/Core/Src/main.c.obj
 .debug_abbrev  0x00000200      0x152 CMakeFiles/f407_demo_vscode.dir/Core/Src/gpio.c.obj
 .debug_abbrev  0x00000352       0x73 CMakeFiles/f407_demo_vscode.dir/Core/Src/stm32f4xx_it.c.obj
 .debug_abbrev  0x000003c5       0xd8 CMakeFiles/f407_demo_vscode.dir/Core/Src/stm32f4xx_hal_msp.c.obj
 .debug_abbrev  0x0000049d      0x2b7 CMakeFiles/f407_demo_vscode.dir/Drivers/STM32F4xx_HAL_Driver/Src/stm32f4xx_hal_rcc.c.obj
 .debug_abbrev  0x00000754      0x1d4 CMakeFiles/f407_demo_vscode.dir/Drivers/STM32F4xx_HAL_Driver/Src/stm32f4xx_hal_gpio.c.obj
 .debug_abbrev  0x00000928      0x31d CMakeFiles/f407_demo_vscode.dir/Drivers/STM32F4xx_HAL_Driver/Src/stm32f4xx_hal_cortex.c.obj
 .debug_abbrev  0x00000c45      0x214 CMakeFiles/f407_demo_vscode.dir/Drivers/STM32F4xx_HAL_Driver/Src/stm32f4xx_hal.c.obj
 .debug_abbrev  0x00000e59      0x11a CMakeFiles/f407_demo_vscode.dir/Core/Src/system_stm32f4xx.c.obj
 .debug_abbrev  0x00000f73       0x24 CMakeFiles/f407_demo_vscode.dir/startup_stm32f407xx.s.obj

.debug_aranges  0x00000000      0x420
 .debug_aranges
                0x00000000       0x30 CMakeFiles/f407_demo_vscode.dir/Core/Src/main.c.obj
 .debug_aranges
                0x00000030       0x20 CMakeFiles/f407_demo_vscode.dir/Core/Src/gpio.c.obj
 .debug_aranges
                0x00000050       0x60 CMakeFiles/f407_demo_vscode.dir/Core/Src/stm32f4xx_it.c.obj
 .debug_aranges
                0x000000b0       0x20 CMakeFiles/f407_demo_vscode.dir/Core/Src/stm32f4xx_hal_msp.c.obj
 .debug_aranges
                0x000000d0       0x88 CMakeFiles/f407_demo_vscode.dir/Drivers/STM32F4xx_HAL_Driver/Src/stm32f4xx_hal_rcc.c.obj
 .debug_aranges
                0x00000158       0x58 CMakeFiles/f407_demo_vscode.dir/Drivers/STM32F4xx_HAL_Driver/Src/stm32f4xx_hal_gpio.c.obj
 .debug_aranges
                0x000001b0      0x130 CMakeFiles/f407_demo_vscode.dir/Drivers/STM32F4xx_HAL_Driver/Src/stm32f4xx_hal_cortex.c.obj
 .debug_aranges
                0x000002e0       0xf0 CMakeFiles/f407_demo_vscode.dir/Drivers/STM32F4xx_HAL_Driver/Src/stm32f4xx_hal.c.obj
 .debug_aranges
                0x000003d0       0x28 CMakeFiles/f407_demo_vscode.dir/Core/Src/system_stm32f4xx.c.obj
 .debug_aranges
                0x000003f8       0x28 CMakeFiles/f407_demo_vscode.dir/startup_stm32f407xx.s.obj

.debug_rnglists
                0x00000000      0x2f1
 .debug_rnglists
                0x00000000       0x20 CMakeFiles/f407_demo_vscode.dir/Core/Src/main.c.obj
 .debug_rnglists
                0x00000020       0x14 CMakeFiles/f407_demo_vscode.dir/Core/Src/gpio.c.obj
 .debug_rnglists
                0x00000034       0x43 CMakeFiles/f407_demo_vscode.dir/Core/Src/stm32f4xx_it.c.obj
 .debug_rnglists
                0x00000077       0x13 CMakeFiles/f407_demo_vscode.dir/Core/Src/stm32f4xx_hal_msp.c.obj
 .debug_rnglists
                0x0000008a       0x66 CMakeFiles/f407_demo_vscode.dir/Drivers/STM32F4xx_HAL_Driver/Src/stm32f4xx_hal_rcc.c.obj
 .debug_rnglists
                0x000000f0       0x3f CMakeFiles/f407_demo_vscode.dir/Drivers/STM32F4xx_HAL_Driver/Src/stm32f4xx_hal_gpio.c.obj
 .debug_rnglists
                0x0000012f       0xe0 CMakeFiles/f407_demo_vscode.dir/Drivers/STM32F4xx_HAL_Driver/Src/stm32f4xx_hal_cortex.c.obj
 .debug_rnglists
                0x0000020f       0xaf CMakeFiles/f407_demo_vscode.dir/Drivers/STM32F4xx_HAL_Driver/Src/stm32f4xx_hal.c.obj
 .debug_rnglists
                0x000002be       0x1a CMakeFiles/f407_demo_vscode.dir/Core/Src/system_stm32f4xx.c.obj
 .debug_rnglists
                0x000002d8       0x19 CMakeFiles/f407_demo_vscode.dir/startup_stm32f407xx.s.obj

.debug_macro    0x00000000    0x1eff0
 .debug_macro   0x00000000      0x1cd CMakeFiles/f407_demo_vscode.dir/Core/Src/main.c.obj
 .debug_macro   0x000001cd      0xad8 CMakeFiles/f407_demo_vscode.dir/Core/Src/main.c.obj
 .debug_macro   0x00000ca5      0x28f CMakeFiles/f407_demo_vscode.dir/Core/Src/main.c.obj
 .debug_macro   0x00000f34       0x2e CMakeFiles/f407_demo_vscode.dir/Core/Src/main.c.obj
 .debug_macro   0x00000f62       0x2f CMakeFiles/f407_demo_vscode.dir/Core/Src/main.c.obj
 .debug_macro   0x00000f91       0x22 CMakeFiles/f407_demo_vscode.dir/Core/Src/main.c.obj
 .debug_macro   0x00000fb3       0x8e CMakeFiles/f407_demo_vscode.dir/Core/Src/main.c.obj
 .debug_macro   0x00001041       0x51 CMakeFiles/f407_demo_vscode.dir/Core/Src/main.c.obj
 .debug_macro   0x00001092      0x103 CMakeFiles/f407_demo_vscode.dir/Core/Src/main.c.obj
 .debug_macro   0x00001195       0x6a CMakeFiles/f407_demo_vscode.dir/Core/Src/main.c.obj
 .debug_macro   0x000011ff      0x1df CMakeFiles/f407_demo_vscode.dir/Core/Src/main.c.obj
 .debug_macro   0x000013de       0x1c CMakeFiles/f407_demo_vscode.dir/Core/Src/main.c.obj
 .debug_macro   0x000013fa       0x22 CMakeFiles/f407_demo_vscode.dir/Core/Src/main.c.obj
 .debug_macro   0x0000141c       0xfb CMakeFiles/f407_demo_vscode.dir/Core/Src/main.c.obj
 .debug_macro   0x00001517     0x1011 CMakeFiles/f407_demo_vscode.dir/Core/Src/main.c.obj
 .debug_macro   0x00002528      0x11f CMakeFiles/f407_demo_vscode.dir/Core/Src/main.c.obj
 .debug_macro   0x00002647    0x15e97 CMakeFiles/f407_demo_vscode.dir/Core/Src/main.c.obj
 .debug_macro   0x000184de       0x6d CMakeFiles/f407_demo_vscode.dir/Core/Src/main.c.obj
 .debug_macro   0x0001854b     0x369a CMakeFiles/f407_demo_vscode.dir/Core/Src/main.c.obj
 .debug_macro   0x0001bbe5      0x190 CMakeFiles/f407_demo_vscode.dir/Core/Src/main.c.obj
 .debug_macro   0x0001bd75       0x5c CMakeFiles/f407_demo_vscode.dir/Core/Src/main.c.obj
 .debug_macro   0x0001bdd1      0x980 CMakeFiles/f407_demo_vscode.dir/Core/Src/main.c.obj
 .debug_macro   0x0001c751      0x9e9 CMakeFiles/f407_demo_vscode.dir/Core/Src/main.c.obj
 .debug_macro   0x0001d13a      0x115 CMakeFiles/f407_demo_vscode.dir/Core/Src/main.c.obj
 .debug_macro   0x0001d24f      0x13e CMakeFiles/f407_demo_vscode.dir/Core/Src/main.c.obj
 .debug_macro   0x0001d38d       0xa5 CMakeFiles/f407_demo_vscode.dir/Core/Src/main.c.obj
 .debug_macro   0x0001d432      0x174 CMakeFiles/f407_demo_vscode.dir/Core/Src/main.c.obj
 .debug_macro   0x0001d5a6      0x287 CMakeFiles/f407_demo_vscode.dir/Core/Src/main.c.obj
 .debug_macro   0x0001d82d       0x5f CMakeFiles/f407_demo_vscode.dir/Core/Src/main.c.obj
 .debug_macro   0x0001d88c      0x236 CMakeFiles/f407_demo_vscode.dir/Core/Src/main.c.obj
 .debug_macro   0x0001dac2      0x12c CMakeFiles/f407_demo_vscode.dir/Core/Src/main.c.obj
 .debug_macro   0x0001dbee      0x21e CMakeFiles/f407_demo_vscode.dir/Core/Src/main.c.obj
 .debug_macro   0x0001de0c       0x2e CMakeFiles/f407_demo_vscode.dir/Core/Src/main.c.obj
 .debug_macro   0x0001de3a      0x127 CMakeFiles/f407_demo_vscode.dir/Core/Src/main.c.obj
 .debug_macro   0x0001df61       0x7e CMakeFiles/f407_demo_vscode.dir/Core/Src/main.c.obj
 .debug_macro   0x0001dfdf       0x89 CMakeFiles/f407_demo_vscode.dir/Core/Src/main.c.obj
 .debug_macro   0x0001e068      0x12d CMakeFiles/f407_demo_vscode.dir/Core/Src/main.c.obj
 .debug_macro   0x0001e195       0x10 CMakeFiles/f407_demo_vscode.dir/Core/Src/main.c.obj
 .debug_macro   0x0001e1a5      0x1c9 CMakeFiles/f407_demo_vscode.dir/Core/Src/gpio.c.obj
 .debug_macro   0x0001e36e      0x1c9 CMakeFiles/f407_demo_vscode.dir/Core/Src/stm32f4xx_it.c.obj
 .debug_macro   0x0001e537      0x1bf CMakeFiles/f407_demo_vscode.dir/Core/Src/stm32f4xx_hal_msp.c.obj
 .debug_macro   0x0001e6f6      0x1d4 CMakeFiles/f407_demo_vscode.dir/Drivers/STM32F4xx_HAL_Driver/Src/stm32f4xx_hal_rcc.c.obj
 .debug_macro   0x0001e8ca      0x1b6 CMakeFiles/f407_demo_vscode.dir/Drivers/STM32F4xx_HAL_Driver/Src/stm32f4xx_hal_gpio.c.obj
 .debug_macro   0x0001ea80      0x1b0 CMakeFiles/f407_demo_vscode.dir/Drivers/STM32F4xx_HAL_Driver/Src/stm32f4xx_hal_cortex.c.obj
 .debug_macro   0x0001ec30      0x210 CMakeFiles/f407_demo_vscode.dir/Drivers/STM32F4xx_HAL_Driver/Src/stm32f4xx_hal.c.obj
 .debug_macro   0x0001ee40      0x1b0 CMakeFiles/f407_demo_vscode.dir/Core/Src/system_stm32f4xx.c.obj

.debug_line     0x00000000     0x533c
 .debug_line    0x00000000      0x758 CMakeFiles/f407_demo_vscode.dir/Core/Src/main.c.obj
 .debug_line    0x00000758      0x6d4 CMakeFiles/f407_demo_vscode.dir/Core/Src/gpio.c.obj
 .debug_line    0x00000e2c      0x774 CMakeFiles/f407_demo_vscode.dir/Core/Src/stm32f4xx_it.c.obj
 .debug_line    0x000015a0      0x6c5 CMakeFiles/f407_demo_vscode.dir/Core/Src/stm32f4xx_hal_msp.c.obj
 .debug_line    0x00001c65      0xdc6 CMakeFiles/f407_demo_vscode.dir/Drivers/STM32F4xx_HAL_Driver/Src/stm32f4xx_hal_rcc.c.obj
 .debug_line    0x00002a2b      0xb0f CMakeFiles/f407_demo_vscode.dir/Drivers/STM32F4xx_HAL_Driver/Src/stm32f4xx_hal_gpio.c.obj
 .debug_line    0x0000353a      0xc87 CMakeFiles/f407_demo_vscode.dir/Drivers/STM32F4xx_HAL_Driver/Src/stm32f4xx_hal_cortex.c.obj
 .debug_line    0x000041c1      0x9b7 CMakeFiles/f407_demo_vscode.dir/Drivers/STM32F4xx_HAL_Driver/Src/stm32f4xx_hal.c.obj
 .debug_line    0x00004b78      0x74a CMakeFiles/f407_demo_vscode.dir/Core/Src/system_stm32f4xx.c.obj
 .debug_line    0x000052c2       0x7a CMakeFiles/f407_demo_vscode.dir/startup_stm32f407xx.s.obj

.debug_str      0x00000000    0xbc5f4
 .debug_str     0x00000000    0xbc5f4 CMakeFiles/f407_demo_vscode.dir/Core/Src/main.c.obj
                              0xbb2b4 (size before relaxing)
 .debug_str     0x000bc5f4    0xbb14c CMakeFiles/f407_demo_vscode.dir/Core/Src/gpio.c.obj
 .debug_str     0x000bc5f4    0xbb007 CMakeFiles/f407_demo_vscode.dir/Core/Src/stm32f4xx_it.c.obj
 .debug_str     0x000bc5f4    0xbb081 CMakeFiles/f407_demo_vscode.dir/Core/Src/stm32f4xx_hal_msp.c.obj
 .debug_str     0x000bc5f4    0xbb53e CMakeFiles/f407_demo_vscode.dir/Drivers/STM32F4xx_HAL_Driver/Src/stm32f4xx_hal_rcc.c.obj
 .debug_str     0x000bc5f4    0xbb285 CMakeFiles/f407_demo_vscode.dir/Drivers/STM32F4xx_HAL_Driver/Src/stm32f4xx_hal_gpio.c.obj
 .debug_str     0x000bc5f4    0xbba0a CMakeFiles/f407_demo_vscode.dir/Drivers/STM32F4xx_HAL_Driver/Src/stm32f4xx_hal_cortex.c.obj
 .debug_str     0x000bc5f4    0xbbc8e CMakeFiles/f407_demo_vscode.dir/Drivers/STM32F4xx_HAL_Driver/Src/stm32f4xx_hal.c.obj
 .debug_str     0x000bc5f4    0xbb10a CMakeFiles/f407_demo_vscode.dir/Core/Src/system_stm32f4xx.c.obj
 .debug_str     0x000bc5f4       0x88 CMakeFiles/f407_demo_vscode.dir/startup_stm32f407xx.s.obj

.debug_line_str
                0x00000000       0x6c
 .debug_line_str
                0x00000000       0x6c CMakeFiles/f407_demo_vscode.dir/startup_stm32f407xx.s.obj
